<?xml version="1.0" encoding="utf-8"?><testsuites name="pytest tests"><testsuite name="pytest" errors="0" failures="0" skipped="0" tests="6" time="4.809" timestamp="2025-10-17T10:24:20.840414-05:00" hostname="Mac-Mini.local"><testcase classname="tests.test_pdf_processor.TestPDFProcessor" name="test_pdf_processing" time="0.138" /><testcase classname="tests.test_pdf_processor.TestPDFProcessor" name="test_download_pdf" time="0.212" /><testcase classname="tests.test_pdf_processor.TestPDFProcessor" name="test_save_results" time="0.068" /><testcase classname="tests.test_pdf_processor.TestPDFProcessor" name="test_main_function" time="0.058" /><testcase classname="tests.test_pdf_processor.TestPDFProcessor" name="test_main_function_with_exception" time="0.058" /><testcase classname="tests.test_pdf_processor.TestPDFProcessor" name="test_main_function_creates_data_directory" time="0.057" /></testsuite></testsuites>